=== baseline_rgb_norm_minmax seed=42 -> results_v5/baseline_rgb_norm_minmax_seed42 ===
[baseline_rgb_norm_minmax] seed=42  device=cuda  colorspace=rgb  normalization=minmax
/home/stud/gnjinkap/miniforge3/envs/thesis/lib/python3.11/site-packages/torchvision/datasets/cifar.py:83: VisibleDeprecationWarning: dtype(): align should be passed as Python or NumPy boolean but got `align=0`. Did you mean to pass a tuple to create a subarray type? (Deprecated NumPy 2.4)
  entry = pickle.load(f, encoding="latin1")
Epoch 001/50 | train_loss=1.4272  train_acc=0.4756 | val_loss=1.7090  val_acc=0.4877 | 15.3s
Epoch 002/50 | train_loss=0.9788  train_acc=0.6502 | val_loss=0.9564  val_acc=0.6678 | 15.0s
Epoch 003/50 | train_loss=0.7862  train_acc=0.7231 | val_loss=0.7371  val_acc=0.7437 | 15.2s
Epoch 004/50 | train_loss=0.6493  train_acc=0.7743 | val_loss=0.5969  val_acc=0.7958 | 15.3s
Epoch 005/50 | train_loss=0.5585  train_acc=0.8060 | val_loss=0.5712  val_acc=0.8041 | 15.4s
Epoch 006/50 | train_loss=0.4894  train_acc=0.8299 | val_loss=0.5545  val_acc=0.8148 | 15.4s
Epoch 007/50 | train_loss=0.4375  train_acc=0.8501 | val_loss=0.4654  val_acc=0.8410 | 15.5s
Epoch 008/50 | train_loss=0.3953  train_acc=0.8620 | val_loss=0.4427  val_acc=0.8504 | 15.5s
Epoch 009/50 | train_loss=0.3574  train_acc=0.8772 | val_loss=0.4336  val_acc=0.8601 | 15.5s
Epoch 010/50 | train_loss=0.3262  train_acc=0.8880 | val_loss=0.4823  val_acc=0.8440 | 15.5s
Epoch 011/50 | train_loss=0.2957  train_acc=0.8971 | val_loss=0.3899  val_acc=0.8725 | 15.5s
Epoch 012/50 | train_loss=0.2705  train_acc=0.9048 | val_loss=0.3542  val_acc=0.8832 | 15.5s
Epoch 013/50 | train_loss=0.2510  train_acc=0.9129 | val_loss=0.3540  val_acc=0.8882 | 15.6s
Epoch 014/50 | train_loss=0.2261  train_acc=0.9210 | val_loss=0.3645  val_acc=0.8816 | 15.6s
Epoch 015/50 | train_loss=0.2121  train_acc=0.9262 | val_loss=0.3622  val_acc=0.8879 | 15.6s
Epoch 016/50 | train_loss=0.1981  train_acc=0.9296 | val_loss=0.3611  val_acc=0.8918 | 15.6s
Epoch 017/50 | train_loss=0.1785  train_acc=0.9367 | val_loss=0.3533  val_acc=0.8968 | 15.6s
Epoch 018/50 | train_loss=0.1668  train_acc=0.9419 | val_loss=0.3470  val_acc=0.8956 | 15.6s
Epoch 019/50 | train_loss=0.1587  train_acc=0.9441 | val_loss=0.3332  val_acc=0.8956 | 15.6s
Epoch 020/50 | train_loss=0.1451  train_acc=0.9485 | val_loss=0.3592  val_acc=0.8970 | 15.6s
Epoch 021/50 | train_loss=0.1370  train_acc=0.9511 | val_loss=0.3313  val_acc=0.9037 | 15.6s
Epoch 022/50 | train_loss=0.1282  train_acc=0.9542 | val_loss=0.3461  val_acc=0.9003 | 15.6s
Epoch 023/50 | train_loss=0.1166  train_acc=0.9592 | val_loss=0.3488  val_acc=0.9018 | 15.6s
Epoch 024/50 | train_loss=0.1105  train_acc=0.9609 | val_loss=0.3436  val_acc=0.9031 | 15.6s
Epoch 025/50 | train_loss=0.1035  train_acc=0.9634 | val_loss=0.3491  val_acc=0.9034 | 15.6s
Epoch 026/50 | train_loss=0.0572  train_acc=0.9806 | val_loss=0.3012  val_acc=0.9208 | 15.6s
Epoch 027/50 | train_loss=0.0428  train_acc=0.9856 | val_loss=0.3025  val_acc=0.9214 | 15.6s
Epoch 028/50 | train_loss=0.0369  train_acc=0.9883 | val_loss=0.2996  val_acc=0.9232 | 15.6s
Epoch 029/50 | train_loss=0.0315  train_acc=0.9900 | val_loss=0.3160  val_acc=0.9238 | 15.6s
Epoch 030/50 | train_loss=0.0277  train_acc=0.9912 | val_loss=0.3160  val_acc=0.9242 | 15.6s
Epoch 031/50 | train_loss=0.0254  train_acc=0.9918 | val_loss=0.3304  val_acc=0.9226 | 15.6s
Epoch 032/50 | train_loss=0.0238  train_acc=0.9921 | val_loss=0.3319  val_acc=0.9212 | 15.5s
Epoch 033/50 | train_loss=0.0232  train_acc=0.9924 | val_loss=0.3325  val_acc=0.9250 | 15.5s
Epoch 034/50 | train_loss=0.0207  train_acc=0.9936 | val_loss=0.3329  val_acc=0.9254 | 15.6s
Epoch 035/50 | train_loss=0.0183  train_acc=0.9940 | val_loss=0.3495  val_acc=0.9228 | 15.6s
Epoch 036/50 | train_loss=0.0180  train_acc=0.9942 | val_loss=0.3530  val_acc=0.9249 | 15.6s
Epoch 037/50 | train_loss=0.0183  train_acc=0.9944 | val_loss=0.3517  val_acc=0.9252 | 15.6s
Epoch 038/50 | train_loss=0.0158  train_acc=0.9947 | val_loss=0.3565  val_acc=0.9222 | 15.6s
Epoch 039/50 | train_loss=0.0143  train_acc=0.9954 | val_loss=0.3549  val_acc=0.9251 | 15.6s
Epoch 040/50 | train_loss=0.0152  train_acc=0.9951 | val_loss=0.3569  val_acc=0.9261 | 15.6s
Epoch 041/50 | train_loss=0.0131  train_acc=0.9957 | val_loss=0.3736  val_acc=0.9251 | 15.6s
Epoch 042/50 | train_loss=0.0131  train_acc=0.9956 | val_loss=0.3619  val_acc=0.9256 | 15.6s
Epoch 043/50 | train_loss=0.0112  train_acc=0.9965 | val_loss=0.3780  val_acc=0.9259 | 15.6s
Epoch 044/50 | train_loss=0.0118  train_acc=0.9961 | val_loss=0.3774  val_acc=0.9258 | 15.6s
Epoch 045/50 | train_loss=0.0109  train_acc=0.9968 | val_loss=0.3886  val_acc=0.9269 | 15.6s
Epoch 046/50 | train_loss=0.0111  train_acc=0.9964 | val_loss=0.3913  val_acc=0.9266 | 15.6s
Epoch 047/50 | train_loss=0.0097  train_acc=0.9969 | val_loss=0.3889  val_acc=0.9256 | 15.6s
Epoch 048/50 | train_loss=0.0101  train_acc=0.9967 | val_loss=0.3945  val_acc=0.9265 | 15.6s
Epoch 049/50 | train_loss=0.0094  train_acc=0.9969 | val_loss=0.3974  val_acc=0.9265 | 15.6s
Epoch 050/50 | train_loss=0.0089  train_acc=0.9970 | val_loss=0.4044  val_acc=0.9257 | 15.6s

Best val accuracy : 0.9269
Results saved to  : results_v5/baseline_rgb_norm_minmax_seed42
=== baseline_rgb_norm_minmax seed=0 -> results_v5/baseline_rgb_norm_minmax_seed0 ===
[baseline_rgb_norm_minmax] seed=0  device=cuda  colorspace=rgb  normalization=minmax
/home/stud/gnjinkap/miniforge3/envs/thesis/lib/python3.11/site-packages/torchvision/datasets/cifar.py:83: VisibleDeprecationWarning: dtype(): align should be passed as Python or NumPy boolean but got `align=0`. Did you mean to pass a tuple to create a subarray type? (Deprecated NumPy 2.4)
  entry = pickle.load(f, encoding="latin1")
Epoch 001/50 | train_loss=1.4304  train_acc=0.4726 | val_loss=1.4610  val_acc=0.5249 | 15.7s
Epoch 002/50 | train_loss=0.9675  train_acc=0.6548 | val_loss=0.8502  val_acc=0.6966 | 15.5s
Epoch 003/50 | train_loss=0.7765  train_acc=0.7247 | val_loss=0.6685  val_acc=0.7701 | 15.5s
Epoch 004/50 | train_loss=0.6422  train_acc=0.7769 | val_loss=0.6103  val_acc=0.7907 | 15.6s
Epoch 005/50 | train_loss=0.5571  train_acc=0.8060 | val_loss=0.5540  val_acc=0.8107 | 15.6s
Epoch 006/50 | train_loss=0.4845  train_acc=0.8334 | val_loss=0.5277  val_acc=0.8199 | 15.6s
Epoch 007/50 | train_loss=0.4366  train_acc=0.8481 | val_loss=0.4679  val_acc=0.8410 | 15.7s
Epoch 008/50 | train_loss=0.3934  train_acc=0.8644 | val_loss=0.4765  val_acc=0.8404 | 15.6s
Epoch 009/50 | train_loss=0.3547  train_acc=0.8776 | val_loss=0.4239  val_acc=0.8606 | 15.6s
Epoch 010/50 | train_loss=0.3204  train_acc=0.8874 | val_loss=0.3892  val_acc=0.8728 | 15.6s
Epoch 011/50 | train_loss=0.2952  train_acc=0.8975 | val_loss=0.3970  val_acc=0.8691 | 15.6s
Epoch 012/50 | train_loss=0.2677  train_acc=0.9068 | val_loss=0.4109  val_acc=0.8677 | 15.6s
Epoch 013/50 | train_loss=0.2506  train_acc=0.9114 | val_loss=0.3661  val_acc=0.8838 | 15.6s
Epoch 014/50 | train_loss=0.2270  train_acc=0.9197 | val_loss=0.3593  val_acc=0.8849 | 15.6s
Epoch 015/50 | train_loss=0.2104  train_acc=0.9272 | val_loss=0.3695  val_acc=0.8859 | 15.6s
Epoch 016/50 | train_loss=0.1968  train_acc=0.9302 | val_loss=0.3760  val_acc=0.8802 | 15.6s
Epoch 017/50 | train_loss=0.1787  train_acc=0.9371 | val_loss=0.3343  val_acc=0.9021 | 15.6s
Epoch 018/50 | train_loss=0.1659  train_acc=0.9408 | val_loss=0.3503  val_acc=0.8947 | 15.6s
Epoch 019/50 | train_loss=0.1586  train_acc=0.9447 | val_loss=0.3309  val_acc=0.9024 | 15.6s
Epoch 020/50 | train_loss=0.1455  train_acc=0.9490 | val_loss=0.3602  val_acc=0.8967 | 15.6s
Epoch 021/50 | train_loss=0.1334  train_acc=0.9525 | val_loss=0.3279  val_acc=0.9073 | 15.6s
Epoch 022/50 | train_loss=0.1261  train_acc=0.9556 | val_loss=0.3476  val_acc=0.9027 | 15.6s
Epoch 023/50 | train_loss=0.1172  train_acc=0.9589 | val_loss=0.3739  val_acc=0.8988 | 15.6s
Epoch 024/50 | train_loss=0.1097  train_acc=0.9621 | val_loss=0.3447  val_acc=0.9052 | 15.6s
Epoch 025/50 | train_loss=0.1088  train_acc=0.9618 | val_loss=0.3595  val_acc=0.9045 | 15.6s
Epoch 026/50 | train_loss=0.0598  train_acc=0.9795 | val_loss=0.3065  val_acc=0.9192 | 15.6s
Epoch 027/50 | train_loss=0.0421  train_acc=0.9865 | val_loss=0.3028  val_acc=0.9217 | 15.6s
Epoch 028/50 | train_loss=0.0372  train_acc=0.9876 | val_loss=0.3125  val_acc=0.9225 | 15.6s
Epoch 029/50 | train_loss=0.0340  train_acc=0.9887 | val_loss=0.3193  val_acc=0.9235 | 15.6s
Epoch 030/50 | train_loss=0.0294  train_acc=0.9908 | val_loss=0.3277  val_acc=0.9233 | 15.6s
Epoch 031/50 | train_loss=0.0260  train_acc=0.9917 | val_loss=0.3390  val_acc=0.9233 | 15.6s
Epoch 032/50 | train_loss=0.0243  train_acc=0.9918 | val_loss=0.3410  val_acc=0.9223 | 15.6s
Epoch 033/50 | train_loss=0.0236  train_acc=0.9922 | val_loss=0.3397  val_acc=0.9250 | 15.6s
Epoch 034/50 | train_loss=0.0207  train_acc=0.9935 | val_loss=0.3409  val_acc=0.9276 | 15.6s
Epoch 035/50 | train_loss=0.0174  train_acc=0.9944 | val_loss=0.3484  val_acc=0.9245 | 15.6s
Epoch 036/50 | train_loss=0.0184  train_acc=0.9937 | val_loss=0.3587  val_acc=0.9237 | 15.6s
Epoch 037/50 | train_loss=0.0161  train_acc=0.9946 | val_loss=0.3611  val_acc=0.9245 | 15.6s
Epoch 038/50 | train_loss=0.0158  train_acc=0.9948 | val_loss=0.3601  val_acc=0.9256 | 15.6s
Epoch 039/50 | train_loss=0.0141  train_acc=0.9954 | val_loss=0.3640  val_acc=0.9263 | 15.6s
Epoch 040/50 | train_loss=0.0135  train_acc=0.9956 | val_loss=0.3705  val_acc=0.9255 | 15.6s
Epoch 041/50 | train_loss=0.0144  train_acc=0.9953 | val_loss=0.3827  val_acc=0.9239 | 15.6s
Epoch 042/50 | train_loss=0.0127  train_acc=0.9960 | val_loss=0.3932  val_acc=0.9247 | 15.6s
Epoch 043/50 | train_loss=0.0126  train_acc=0.9960 | val_loss=0.3897  val_acc=0.9242 | 15.6s
Epoch 044/50 | train_loss=0.0129  train_acc=0.9956 | val_loss=0.3809  val_acc=0.9243 | 15.6s
Epoch 045/50 | train_loss=0.0106  train_acc=0.9962 | val_loss=0.3903  val_acc=0.9251 | 15.6s
Epoch 046/50 | train_loss=0.0114  train_acc=0.9967 | val_loss=0.3893  val_acc=0.9253 | 15.6s
Epoch 047/50 | train_loss=0.0099  train_acc=0.9968 | val_loss=0.3978  val_acc=0.9244 | 15.6s
Epoch 048/50 | train_loss=0.0100  train_acc=0.9968 | val_loss=0.4009  val_acc=0.9240 | 15.6s
Epoch 049/50 | train_loss=0.0111  train_acc=0.9961 | val_loss=0.4027  val_acc=0.9259 | 15.6s
Epoch 050/50 | train_loss=0.0092  train_acc=0.9970 | val_loss=0.4027  val_acc=0.9242 | 15.6s

Best val accuracy : 0.9276
Results saved to  : results_v5/baseline_rgb_norm_minmax_seed0
=== baseline_rgb_norm_minmax seed=1 -> results_v5/baseline_rgb_norm_minmax_seed1 ===
[baseline_rgb_norm_minmax] seed=1  device=cuda  colorspace=rgb  normalization=minmax
/home/stud/gnjinkap/miniforge3/envs/thesis/lib/python3.11/site-packages/torchvision/datasets/cifar.py:83: VisibleDeprecationWarning: dtype(): align should be passed as Python or NumPy boolean but got `align=0`. Did you mean to pass a tuple to create a subarray type? (Deprecated NumPy 2.4)
  entry = pickle.load(f, encoding="latin1")
Epoch 001/50 | train_loss=1.4465  train_acc=0.4660 | val_loss=2.6126  val_acc=0.3431 | 15.7s
Epoch 002/50 | train_loss=0.9816  train_acc=0.6489 | val_loss=0.8891  val_acc=0.6932 | 15.5s
Epoch 003/50 | train_loss=0.7770  train_acc=0.7284 | val_loss=0.7020  val_acc=0.7641 | 15.5s
Epoch 004/50 | train_loss=0.6427  train_acc=0.7757 | val_loss=0.5980  val_acc=0.7933 | 15.5s
Epoch 005/50 | train_loss=0.5562  train_acc=0.8063 | val_loss=0.5620  val_acc=0.8091 | 15.6s
Epoch 006/50 | train_loss=0.4899  train_acc=0.8307 | val_loss=0.5188  val_acc=0.8260 | 15.6s
Epoch 007/50 | train_loss=0.4364  train_acc=0.8498 | val_loss=0.4657  val_acc=0.8427 | 15.6s
Epoch 008/50 | train_loss=0.3932  train_acc=0.8647 | val_loss=0.4411  val_acc=0.8493 | 15.6s
Epoch 009/50 | train_loss=0.3552  train_acc=0.8792 | val_loss=0.4050  val_acc=0.8634 | 15.6s
Epoch 010/50 | train_loss=0.3228  train_acc=0.8894 | val_loss=0.4229  val_acc=0.8618 | 15.6s
Epoch 011/50 | train_loss=0.2960  train_acc=0.8970 | val_loss=0.4178  val_acc=0.8644 | 15.6s
Epoch 012/50 | train_loss=0.2727  train_acc=0.9054 | val_loss=0.3549  val_acc=0.8815 | 15.6s
Epoch 013/50 | train_loss=0.2499  train_acc=0.9123 | val_loss=0.3618  val_acc=0.8823 | 15.6s
Epoch 014/50 | train_loss=0.2304  train_acc=0.9197 | val_loss=0.3689  val_acc=0.8844 | 15.6s
Epoch 015/50 | train_loss=0.2124  train_acc=0.9251 | val_loss=0.3793  val_acc=0.8824 | 15.6s
Epoch 016/50 | train_loss=0.1941  train_acc=0.9319 | val_loss=0.3876  val_acc=0.8805 | 15.6s
Epoch 017/50 | train_loss=0.1812  train_acc=0.9356 | val_loss=0.3395  val_acc=0.8984 | 15.6s
Epoch 018/50 | train_loss=0.1666  train_acc=0.9406 | val_loss=0.3476  val_acc=0.8959 | 15.6s
Epoch 019/50 | train_loss=0.1571  train_acc=0.9441 | val_loss=0.3686  val_acc=0.8931 | 15.6s
Epoch 020/50 | train_loss=0.1473  train_acc=0.9484 | val_loss=0.3430  val_acc=0.8975 | 15.6s
Epoch 021/50 | train_loss=0.1349  train_acc=0.9524 | val_loss=0.3581  val_acc=0.8952 | 15.6s
Epoch 022/50 | train_loss=0.1277  train_acc=0.9538 | val_loss=0.3780  val_acc=0.8916 | 15.6s
Epoch 023/50 | train_loss=0.1187  train_acc=0.9583 | val_loss=0.3472  val_acc=0.8993 | 15.6s
Epoch 024/50 | train_loss=0.1131  train_acc=0.9597 | val_loss=0.3714  val_acc=0.8962 | 15.6s
Epoch 025/50 | train_loss=0.1062  train_acc=0.9623 | val_loss=0.3912  val_acc=0.8931 | 15.6s
Epoch 026/50 | train_loss=0.0582  train_acc=0.9800 | val_loss=0.3081  val_acc=0.9180 | 15.6s
Epoch 027/50 | train_loss=0.0419  train_acc=0.9855 | val_loss=0.3078  val_acc=0.9198 | 15.6s
Epoch 028/50 | train_loss=0.0376  train_acc=0.9877 | val_loss=0.3128  val_acc=0.9229 | 15.6s
Epoch 029/50 | train_loss=0.0319  train_acc=0.9890 | val_loss=0.3132  val_acc=0.9226 | 15.6s
Epoch 030/50 | train_loss=0.0283  train_acc=0.9907 | val_loss=0.3260  val_acc=0.9199 | 15.6s
Epoch 031/50 | train_loss=0.0262  train_acc=0.9914 | val_loss=0.3378  val_acc=0.9205 | 15.6s
Epoch 032/50 | train_loss=0.0257  train_acc=0.9914 | val_loss=0.3446  val_acc=0.9198 | 15.6s
Epoch 033/50 | train_loss=0.0232  train_acc=0.9925 | val_loss=0.3432  val_acc=0.9233 | 15.6s
Epoch 034/50 | train_loss=0.0205  train_acc=0.9934 | val_loss=0.3586  val_acc=0.9218 | 15.6s
Epoch 035/50 | train_loss=0.0189  train_acc=0.9938 | val_loss=0.3566  val_acc=0.9208 | 15.6s
Epoch 036/50 | train_loss=0.0176  train_acc=0.9943 | val_loss=0.3610  val_acc=0.9211 | 15.6s
Epoch 037/50 | train_loss=0.0177  train_acc=0.9940 | val_loss=0.3702  val_acc=0.9211 | 15.6s
Epoch 038/50 | train_loss=0.0159  train_acc=0.9946 | val_loss=0.3645  val_acc=0.9246 | 15.6s
Epoch 039/50 | train_loss=0.0149  train_acc=0.9953 | val_loss=0.3784  val_acc=0.9223 | 15.6s
Epoch 040/50 | train_loss=0.0139  train_acc=0.9954 | val_loss=0.3759  val_acc=0.9221 | 15.6s
Epoch 041/50 | train_loss=0.0128  train_acc=0.9962 | val_loss=0.3881  val_acc=0.9220 | 15.6s
Epoch 042/50 | train_loss=0.0138  train_acc=0.9956 | val_loss=0.3857  val_acc=0.9231 | 15.6s
Epoch 043/50 | train_loss=0.0129  train_acc=0.9958 | val_loss=0.3938  val_acc=0.9242 | 15.6s
Epoch 044/50 | train_loss=0.0125  train_acc=0.9958 | val_loss=0.4011  val_acc=0.9241 | 15.6s
Epoch 045/50 | train_loss=0.0111  train_acc=0.9963 | val_loss=0.3944  val_acc=0.9240 | 15.6s
Epoch 046/50 | train_loss=0.0117  train_acc=0.9960 | val_loss=0.4059  val_acc=0.9241 | 15.6s
Epoch 047/50 | train_loss=0.0098  train_acc=0.9971 | val_loss=0.4019  val_acc=0.9244 | 15.6s
Epoch 048/50 | train_loss=0.0101  train_acc=0.9966 | val_loss=0.4097  val_acc=0.9249 | 15.6s
Epoch 049/50 | train_loss=0.0100  train_acc=0.9967 | val_loss=0.4139  val_acc=0.9231 | 15.6s
Epoch 050/50 | train_loss=0.0094  train_acc=0.9968 | val_loss=0.4231  val_acc=0.9239 | 15.6s

Best val accuracy : 0.9249
Results saved to  : results_v5/baseline_rgb_norm_minmax_seed1
=== baseline_rgb_norm_centered seed=42 -> results_v5/baseline_rgb_norm_centered_seed42 ===
[baseline_rgb_norm_centered] seed=42  device=cuda  colorspace=rgb  normalization=centered
/home/stud/gnjinkap/miniforge3/envs/thesis/lib/python3.11/site-packages/torchvision/datasets/cifar.py:83: VisibleDeprecationWarning: dtype(): align should be passed as Python or NumPy boolean but got `align=0`. Did you mean to pass a tuple to create a subarray type? (Deprecated NumPy 2.4)
  entry = pickle.load(f, encoding="latin1")
Epoch 001/50 | train_loss=1.4319  train_acc=0.4742 | val_loss=1.1205  val_acc=0.5978 | 15.9s
Epoch 002/50 | train_loss=0.9748  train_acc=0.6511 | val_loss=0.8930  val_acc=0.6881 | 15.5s
Epoch 003/50 | train_loss=0.7794  train_acc=0.7238 | val_loss=0.6789  val_acc=0.7635 | 15.6s
Epoch 004/50 | train_loss=0.6429  train_acc=0.7761 | val_loss=0.5534  val_acc=0.8134 | 15.6s
Epoch 005/50 | train_loss=0.5561  train_acc=0.8071 | val_loss=0.5198  val_acc=0.8224 | 15.7s
Epoch 006/50 | train_loss=0.4868  train_acc=0.8317 | val_loss=0.5246  val_acc=0.8263 | 15.7s
Epoch 007/50 | train_loss=0.4372  train_acc=0.8491 | val_loss=0.4702  val_acc=0.8369 | 15.6s
Epoch 008/50 | train_loss=0.3946  train_acc=0.8628 | val_loss=0.4620  val_acc=0.8422 | 15.7s
Epoch 009/50 | train_loss=0.3598  train_acc=0.8748 | val_loss=0.3896  val_acc=0.8675 | 15.8s
Epoch 010/50 | train_loss=0.3263  train_acc=0.8865 | val_loss=0.4227  val_acc=0.8629 | 15.7s
Epoch 011/50 | train_loss=0.2973  train_acc=0.8958 | val_loss=0.3652  val_acc=0.8785 | 15.6s
Epoch 012/50 | train_loss=0.2735  train_acc=0.9040 | val_loss=0.3489  val_acc=0.8888 | 15.6s
Epoch 013/50 | train_loss=0.2530  train_acc=0.9126 | val_loss=0.3428  val_acc=0.8847 | 15.6s
Epoch 014/50 | train_loss=0.2307  train_acc=0.9196 | val_loss=0.3550  val_acc=0.8850 | 15.6s
Epoch 015/50 | train_loss=0.2117  train_acc=0.9259 | val_loss=0.3435  val_acc=0.8940 | 15.6s
Epoch 016/50 | train_loss=0.1991  train_acc=0.9303 | val_loss=0.3339  val_acc=0.8972 | 15.7s
Epoch 017/50 | train_loss=0.1826  train_acc=0.9357 | val_loss=0.3379  val_acc=0.8964 | 15.6s
Epoch 018/50 | train_loss=0.1722  train_acc=0.9399 | val_loss=0.3342  val_acc=0.8988 | 15.6s
Epoch 019/50 | train_loss=0.1590  train_acc=0.9431 | val_loss=0.3218  val_acc=0.9038 | 15.6s
Epoch 020/50 | train_loss=0.1481  train_acc=0.9480 | val_loss=0.3517  val_acc=0.8985 | 15.7s
Epoch 021/50 | train_loss=0.1407  train_acc=0.9496 | val_loss=0.3241  val_acc=0.9015 | 15.6s
Epoch 022/50 | train_loss=0.1290  train_acc=0.9547 | val_loss=0.3508  val_acc=0.8983 | 15.6s
Epoch 023/50 | train_loss=0.1221  train_acc=0.9569 | val_loss=0.3252  val_acc=0.9042 | 15.6s
Epoch 024/50 | train_loss=0.1127  train_acc=0.9595 | val_loss=0.3247  val_acc=0.9079 | 15.6s
Epoch 025/50 | train_loss=0.1078  train_acc=0.9615 | val_loss=0.3489  val_acc=0.9045 | 15.6s
Epoch 026/50 | train_loss=0.0572  train_acc=0.9801 | val_loss=0.3044  val_acc=0.9191 | 15.6s
Epoch 027/50 | train_loss=0.0439  train_acc=0.9854 | val_loss=0.3000  val_acc=0.9207 | 15.7s
Epoch 028/50 | train_loss=0.0363  train_acc=0.9879 | val_loss=0.3057  val_acc=0.9214 | 15.6s
Epoch 029/50 | train_loss=0.0321  train_acc=0.9893 | val_loss=0.3192  val_acc=0.9240 | 15.6s
Epoch 030/50 | train_loss=0.0295  train_acc=0.9899 | val_loss=0.3145  val_acc=0.9233 | 15.6s
Epoch 031/50 | train_loss=0.0268  train_acc=0.9911 | val_loss=0.3214  val_acc=0.9254 | 15.6s
Epoch 032/50 | train_loss=0.0264  train_acc=0.9907 | val_loss=0.3218  val_acc=0.9252 | 15.6s
Epoch 033/50 | train_loss=0.0253  train_acc=0.9913 | val_loss=0.3257  val_acc=0.9241 | 15.6s
Epoch 034/50 | train_loss=0.0213  train_acc=0.9927 | val_loss=0.3370  val_acc=0.9266 | 15.6s
Epoch 035/50 | train_loss=0.0192  train_acc=0.9939 | val_loss=0.3455  val_acc=0.9212 | 15.7s
Epoch 036/50 | train_loss=0.0184  train_acc=0.9942 | val_loss=0.3461  val_acc=0.9233 | 15.6s
Epoch 037/50 | train_loss=0.0186  train_acc=0.9940 | val_loss=0.3526  val_acc=0.9208 | 15.6s
Epoch 038/50 | train_loss=0.0163  train_acc=0.9949 | val_loss=0.3555  val_acc=0.9231 | 15.6s
Epoch 039/50 | train_loss=0.0159  train_acc=0.9949 | val_loss=0.3518  val_acc=0.9237 | 15.6s
Epoch 040/50 | train_loss=0.0150  train_acc=0.9954 | val_loss=0.3606  val_acc=0.9237 | 15.6s
Epoch 041/50 | train_loss=0.0138  train_acc=0.9952 | val_loss=0.3670  val_acc=0.9239 | 15.6s
Epoch 042/50 | train_loss=0.0131  train_acc=0.9957 | val_loss=0.3700  val_acc=0.9242 | 15.6s
Epoch 043/50 | train_loss=0.0128  train_acc=0.9958 | val_loss=0.3728  val_acc=0.9254 | 15.6s
Epoch 044/50 | train_loss=0.0121  train_acc=0.9959 | val_loss=0.3773  val_acc=0.9240 | 15.6s
Epoch 045/50 | train_loss=0.0115  train_acc=0.9965 | val_loss=0.3781  val_acc=0.9250 | 15.6s
Epoch 046/50 | train_loss=0.0109  train_acc=0.9967 | val_loss=0.3830  val_acc=0.9235 | 15.6s
Epoch 047/50 | train_loss=0.0115  train_acc=0.9965 | val_loss=0.3804  val_acc=0.9234 | 15.6s
Epoch 048/50 | train_loss=0.0113  train_acc=0.9963 | val_loss=0.3912  val_acc=0.9250 | 15.6s
Epoch 049/50 | train_loss=0.0092  train_acc=0.9969 | val_loss=0.3943  val_acc=0.9253 | 15.6s
Epoch 050/50 | train_loss=0.0101  train_acc=0.9965 | val_loss=0.3997  val_acc=0.9246 | 15.6s

Best val accuracy : 0.9266
Results saved to  : results_v5/baseline_rgb_norm_centered_seed42
=== baseline_rgb_norm_centered seed=0 -> results_v5/baseline_rgb_norm_centered_seed0 ===
[baseline_rgb_norm_centered] seed=0  device=cuda  colorspace=rgb  normalization=centered
/home/stud/gnjinkap/miniforge3/envs/thesis/lib/python3.11/site-packages/torchvision/datasets/cifar.py:83: VisibleDeprecationWarning: dtype(): align should be passed as Python or NumPy boolean but got `align=0`. Did you mean to pass a tuple to create a subarray type? (Deprecated NumPy 2.4)
  entry = pickle.load(f, encoding="latin1")
Epoch 001/50 | train_loss=1.4366  train_acc=0.4721 | val_loss=1.0686  val_acc=0.6097 | 15.8s
Epoch 002/50 | train_loss=0.9661  train_acc=0.6550 | val_loss=0.8313  val_acc=0.7043 | 15.6s
Epoch 003/50 | train_loss=0.7584  train_acc=0.7323 | val_loss=0.6598  val_acc=0.7710 | 15.6s
Epoch 004/50 | train_loss=0.6340  train_acc=0.7786 | val_loss=0.5869  val_acc=0.8044 | 15.6s
Epoch 005/50 | train_loss=0.5520  train_acc=0.8076 | val_loss=0.5304  val_acc=0.8159 | 15.6s
Epoch 006/50 | train_loss=0.4798  train_acc=0.8328 | val_loss=0.5070  val_acc=0.8221 | 15.6s
Epoch 007/50 | train_loss=0.4349  train_acc=0.8501 | val_loss=0.5301  val_acc=0.8229 | 15.6s
Epoch 008/50 | train_loss=0.3900  train_acc=0.8644 | val_loss=0.4363  val_acc=0.8527 | 15.6s
Epoch 009/50 | train_loss=0.3509  train_acc=0.8783 | val_loss=0.4005  val_acc=0.8664 | 15.6s
Epoch 010/50 | train_loss=0.3210  train_acc=0.8885 | val_loss=0.4015  val_acc=0.8668 | 15.6s
Epoch 011/50 | train_loss=0.2948  train_acc=0.8986 | val_loss=0.3830  val_acc=0.8742 | 15.6s
Epoch 012/50 | train_loss=0.2680  train_acc=0.9057 | val_loss=0.3616  val_acc=0.8821 | 15.6s
Epoch 013/50 | train_loss=0.2484  train_acc=0.9134 | val_loss=0.3623  val_acc=0.8846 | 15.6s
Epoch 014/50 | train_loss=0.2253  train_acc=0.9218 | val_loss=0.3498  val_acc=0.8927 | 15.6s
Epoch 015/50 | train_loss=0.2089  train_acc=0.9269 | val_loss=0.3909  val_acc=0.8811 | 15.6s
Epoch 016/50 | train_loss=0.1953  train_acc=0.9304 | val_loss=0.3870  val_acc=0.8814 | 15.6s
Epoch 017/50 | train_loss=0.1795  train_acc=0.9354 | val_loss=0.3360  val_acc=0.9006 | 15.6s
Epoch 018/50 | train_loss=0.1654  train_acc=0.9413 | val_loss=0.3574  val_acc=0.8957 | 15.6s
Epoch 019/50 | train_loss=0.1568  train_acc=0.9450 | val_loss=0.3531  val_acc=0.8971 | 15.6s
Epoch 020/50 | train_loss=0.1449  train_acc=0.9493 | val_loss=0.3452  val_acc=0.8998 | 15.6s
Epoch 021/50 | train_loss=0.1341  train_acc=0.9525 | val_loss=0.3651  val_acc=0.8953 | 15.6s
Epoch 022/50 | train_loss=0.1259  train_acc=0.9553 | val_loss=0.3281  val_acc=0.9051 | 15.6s
Epoch 023/50 | train_loss=0.1185  train_acc=0.9586 | val_loss=0.3601  val_acc=0.9010 | 15.6s
Epoch 024/50 | train_loss=0.1113  train_acc=0.9607 | val_loss=0.3406  val_acc=0.9076 | 15.6s
Epoch 025/50 | train_loss=0.1100  train_acc=0.9611 | val_loss=0.3622  val_acc=0.9018 | 15.6s
Epoch 026/50 | train_loss=0.0602  train_acc=0.9790 | val_loss=0.2988  val_acc=0.9181 | 15.6s
Epoch 027/50 | train_loss=0.0434  train_acc=0.9851 | val_loss=0.2958  val_acc=0.9208 | 15.6s
Epoch 028/50 | train_loss=0.0382  train_acc=0.9871 | val_loss=0.3089  val_acc=0.9207 | 15.6s
Epoch 029/50 | train_loss=0.0338  train_acc=0.9886 | val_loss=0.3133  val_acc=0.9216 | 15.6s
Epoch 030/50 | train_loss=0.0299  train_acc=0.9902 | val_loss=0.3247  val_acc=0.9225 | 15.6s
Epoch 031/50 | train_loss=0.0261  train_acc=0.9912 | val_loss=0.3338  val_acc=0.9230 | 15.6s
Epoch 032/50 | train_loss=0.0245  train_acc=0.9919 | val_loss=0.3356  val_acc=0.9235 | 15.6s
Epoch 033/50 | train_loss=0.0236  train_acc=0.9920 | val_loss=0.3403  val_acc=0.9225 | 15.6s
Epoch 034/50 | train_loss=0.0209  train_acc=0.9926 | val_loss=0.3321  val_acc=0.9253 | 15.6s
Epoch 035/50 | train_loss=0.0190  train_acc=0.9938 | val_loss=0.3516  val_acc=0.9235 | 15.6s
Epoch 036/50 | train_loss=0.0176  train_acc=0.9944 | val_loss=0.3600  val_acc=0.9240 | 15.6s
Epoch 037/50 | train_loss=0.0180  train_acc=0.9942 | val_loss=0.3573  val_acc=0.9246 | 15.6s
Epoch 038/50 | train_loss=0.0164  train_acc=0.9948 | val_loss=0.3599  val_acc=0.9242 | 15.6s
Epoch 039/50 | train_loss=0.0149  train_acc=0.9951 | val_loss=0.3639  val_acc=0.9252 | 15.6s
Epoch 040/50 | train_loss=0.0154  train_acc=0.9949 | val_loss=0.3818  val_acc=0.9218 | 15.6s
Epoch 041/50 | train_loss=0.0146  train_acc=0.9949 | val_loss=0.3733  val_acc=0.9232 | 15.6s
Epoch 042/50 | train_loss=0.0129  train_acc=0.9956 | val_loss=0.3887  val_acc=0.9242 | 15.6s
Epoch 043/50 | train_loss=0.0122  train_acc=0.9961 | val_loss=0.3946  val_acc=0.9235 | 15.6s
Epoch 044/50 | train_loss=0.0128  train_acc=0.9956 | val_loss=0.3979  val_acc=0.9235 | 15.6s
Epoch 045/50 | train_loss=0.0108  train_acc=0.9968 | val_loss=0.3875  val_acc=0.9259 | 15.6s
Epoch 046/50 | train_loss=0.0114  train_acc=0.9959 | val_loss=0.3979  val_acc=0.9238 | 15.6s
Epoch 047/50 | train_loss=0.0108  train_acc=0.9961 | val_loss=0.4068  val_acc=0.9226 | 15.6s
Epoch 048/50 | train_loss=0.0106  train_acc=0.9963 | val_loss=0.4071  val_acc=0.9224 | 15.6s
Epoch 049/50 | train_loss=0.0096  train_acc=0.9968 | val_loss=0.4233  val_acc=0.9229 | 15.6s
Epoch 050/50 | train_loss=0.0097  train_acc=0.9968 | val_loss=0.4223  val_acc=0.9241 | 15.6s

Best val accuracy : 0.9259
Results saved to  : results_v5/baseline_rgb_norm_centered_seed0
=== baseline_rgb_norm_centered seed=1 -> results_v5/baseline_rgb_norm_centered_seed1 ===
[baseline_rgb_norm_centered] seed=1  device=cuda  colorspace=rgb  normalization=centered
/home/stud/gnjinkap/miniforge3/envs/thesis/lib/python3.11/site-packages/torchvision/datasets/cifar.py:83: VisibleDeprecationWarning: dtype(): align should be passed as Python or NumPy boolean but got `align=0`. Did you mean to pass a tuple to create a subarray type? (Deprecated NumPy 2.4)
  entry = pickle.load(f, encoding="latin1")
Epoch 001/50 | train_loss=1.4412  train_acc=0.4698 | val_loss=1.1537  val_acc=0.5780 | 15.8s
Epoch 002/50 | train_loss=0.9765  train_acc=0.6512 | val_loss=0.8696  val_acc=0.6926 | 15.5s
Epoch 003/50 | train_loss=0.7786  train_acc=0.7277 | val_loss=0.7364  val_acc=0.7550 | 15.6s
Epoch 004/50 | train_loss=0.6458  train_acc=0.7721 | val_loss=0.6020  val_acc=0.7916 | 15.6s
Epoch 005/50 | train_loss=0.5542  train_acc=0.8070 | val_loss=0.5668  val_acc=0.8113 | 15.6s
Epoch 006/50 | train_loss=0.4909  train_acc=0.8304 | val_loss=0.4923  val_acc=0.8322 | 15.6s
Epoch 007/50 | train_loss=0.4374  train_acc=0.8495 | val_loss=0.4576  val_acc=0.8455 | 15.6s
Epoch 008/50 | train_loss=0.3950  train_acc=0.8626 | val_loss=0.4286  val_acc=0.8569 | 15.6s
Epoch 009/50 | train_loss=0.3570  train_acc=0.8757 | val_loss=0.4062  val_acc=0.8642 | 15.6s
Epoch 010/50 | train_loss=0.3251  train_acc=0.8884 | val_loss=0.4274  val_acc=0.8587 | 15.6s
Epoch 011/50 | train_loss=0.3000  train_acc=0.8962 | val_loss=0.3776  val_acc=0.8746 | 15.6s
Epoch 012/50 | train_loss=0.2762  train_acc=0.9042 | val_loss=0.3580  val_acc=0.8833 | 15.6s
Epoch 013/50 | train_loss=0.2525  train_acc=0.9127 | val_loss=0.3498  val_acc=0.8869 | 15.6s
Epoch 014/50 | train_loss=0.2341  train_acc=0.9187 | val_loss=0.3663  val_acc=0.8870 | 15.6s
Epoch 015/50 | train_loss=0.2124  train_acc=0.9261 | val_loss=0.3866  val_acc=0.8811 | 15.6s
Epoch 016/50 | train_loss=0.2003  train_acc=0.9291 | val_loss=0.3513  val_acc=0.8890 | 15.6s
Epoch 017/50 | train_loss=0.1848  train_acc=0.9353 | val_loss=0.3227  val_acc=0.8973 | 15.6s
Epoch 018/50 | train_loss=0.1693  train_acc=0.9404 | val_loss=0.3330  val_acc=0.8986 | 15.6s
Epoch 019/50 | train_loss=0.1600  train_acc=0.9441 | val_loss=0.3452  val_acc=0.9030 | 15.6s
Epoch 020/50 | train_loss=0.1497  train_acc=0.9464 | val_loss=0.3407  val_acc=0.9005 | 15.6s
Epoch 021/50 | train_loss=0.1367  train_acc=0.9518 | val_loss=0.3282  val_acc=0.9047 | 15.6s
Epoch 022/50 | train_loss=0.1282  train_acc=0.9549 | val_loss=0.3670  val_acc=0.8973 | 15.6s
Epoch 023/50 | train_loss=0.1221  train_acc=0.9571 | val_loss=0.3706  val_acc=0.8977 | 15.6s
Epoch 024/50 | train_loss=0.1140  train_acc=0.9602 | val_loss=0.3421  val_acc=0.9052 | 15.6s
Epoch 025/50 | train_loss=0.1083  train_acc=0.9620 | val_loss=0.3405  val_acc=0.9001 | 15.6s
Epoch 026/50 | train_loss=0.0614  train_acc=0.9797 | val_loss=0.3000  val_acc=0.9174 | 15.6s
Epoch 027/50 | train_loss=0.0453  train_acc=0.9850 | val_loss=0.3025  val_acc=0.9179 | 15.6s
Epoch 028/50 | train_loss=0.0389  train_acc=0.9872 | val_loss=0.3061  val_acc=0.9209 | 15.6s
Epoch 029/50 | train_loss=0.0324  train_acc=0.9896 | val_loss=0.3171  val_acc=0.9209 | 15.6s
Epoch 030/50 | train_loss=0.0296  train_acc=0.9904 | val_loss=0.3186  val_acc=0.9237 | 15.6s
Epoch 031/50 | train_loss=0.0279  train_acc=0.9903 | val_loss=0.3382  val_acc=0.9219 | 15.6s
Epoch 032/50 | train_loss=0.0255  train_acc=0.9917 | val_loss=0.3404  val_acc=0.9216 | 15.6s
Epoch 033/50 | train_loss=0.0238  train_acc=0.9921 | val_loss=0.3409  val_acc=0.9236 | 15.6s
Epoch 034/50 | train_loss=0.0222  train_acc=0.9924 | val_loss=0.3475  val_acc=0.9238 | 15.6s
Epoch 035/50 | train_loss=0.0199  train_acc=0.9936 | val_loss=0.3529  val_acc=0.9218 | 15.6s
Epoch 036/50 | train_loss=0.0196  train_acc=0.9935 | val_loss=0.3593  val_acc=0.9204 | 15.6s
Epoch 037/50 | train_loss=0.0191  train_acc=0.9935 | val_loss=0.3626  val_acc=0.9237 | 15.6s
Epoch 038/50 | train_loss=0.0172  train_acc=0.9944 | val_loss=0.3618  val_acc=0.9238 | 15.6s
Epoch 039/50 | train_loss=0.0157  train_acc=0.9946 | val_loss=0.3752  val_acc=0.9227 | 15.6s
Epoch 040/50 | train_loss=0.0158  train_acc=0.9948 | val_loss=0.3713  val_acc=0.9232 | 15.6s
Epoch 041/50 | train_loss=0.0147  train_acc=0.9950 | val_loss=0.3781  val_acc=0.9232 | 15.6s
Epoch 042/50 | train_loss=0.0130  train_acc=0.9956 | val_loss=0.3809  val_acc=0.9242 | 15.6s
Epoch 043/50 | train_loss=0.0147  train_acc=0.9954 | val_loss=0.3819  val_acc=0.9226 | 15.6s
Epoch 044/50 | train_loss=0.0123  train_acc=0.9963 | val_loss=0.3859  val_acc=0.9209 | 15.6s
Epoch 045/50 | train_loss=0.0119  train_acc=0.9961 | val_loss=0.3996  val_acc=0.9247 | 15.6s
Epoch 046/50 | train_loss=0.0127  train_acc=0.9959 | val_loss=0.4017  val_acc=0.9211 | 15.6s
Epoch 047/50 | train_loss=0.0108  train_acc=0.9964 | val_loss=0.3946  val_acc=0.9228 | 15.6s
Epoch 048/50 | train_loss=0.0109  train_acc=0.9966 | val_loss=0.3959  val_acc=0.9203 | 15.6s
Epoch 049/50 | train_loss=0.0101  train_acc=0.9966 | val_loss=0.4025  val_acc=0.9229 | 15.6s
Epoch 050/50 | train_loss=0.0102  train_acc=0.9966 | val_loss=0.4090  val_acc=0.9230 | 15.6s

Best val accuracy : 0.9247
Results saved to  : results_v5/baseline_rgb_norm_centered_seed1
=== exp_lab_norm_minmax seed=42 -> results_v5/exp_lab_norm_minmax_seed42 ===
[exp_lab_norm_minmax] seed=42  device=cuda  colorspace=lab  normalization=minmax
/home/stud/gnjinkap/miniforge3/envs/thesis/lib/python3.11/site-packages/torchvision/datasets/cifar.py:83: VisibleDeprecationWarning: dtype(): align should be passed as Python or NumPy boolean but got `align=0`. Did you mean to pass a tuple to create a subarray type? (Deprecated NumPy 2.4)
  entry = pickle.load(f, encoding="latin1")
Epoch 001/50 | train_loss=1.4134  train_acc=0.4798 | val_loss=1.4820  val_acc=0.5258 | 15.8s
Epoch 002/50 | train_loss=0.9601  train_acc=0.6579 | val_loss=0.9300  val_acc=0.6873 | 15.5s
Epoch 003/50 | train_loss=0.7589  train_acc=0.7322 | val_loss=0.8568  val_acc=0.7046 | 15.6s
Epoch 004/50 | train_loss=0.6256  train_acc=0.7841 | val_loss=0.5881  val_acc=0.7989 | 15.6s
Epoch 005/50 | train_loss=0.5431  train_acc=0.8115 | val_loss=0.6351  val_acc=0.7858 | 15.6s
Epoch 006/50 | train_loss=0.4755  train_acc=0.8363 | val_loss=0.5316  val_acc=0.8237 | 15.6s
Epoch 007/50 | train_loss=0.4239  train_acc=0.8536 | val_loss=0.4535  val_acc=0.8447 | 15.6s
Epoch 008/50 | train_loss=0.3834  train_acc=0.8673 | val_loss=0.5100  val_acc=0.8329 | 15.6s
Epoch 009/50 | train_loss=0.3453  train_acc=0.8806 | val_loss=0.4422  val_acc=0.8512 | 15.6s
Epoch 010/50 | train_loss=0.3169  train_acc=0.8901 | val_loss=0.4188  val_acc=0.8603 | 15.6s
Epoch 011/50 | train_loss=0.2855  train_acc=0.9015 | val_loss=0.3785  val_acc=0.8779 | 15.6s
Epoch 012/50 | train_loss=0.2604  train_acc=0.9094 | val_loss=0.3788  val_acc=0.8788 | 15.6s
Epoch 013/50 | train_loss=0.2417  train_acc=0.9164 | val_loss=0.3655  val_acc=0.8780 | 15.6s
Epoch 014/50 | train_loss=0.2209  train_acc=0.9230 | val_loss=0.3473  val_acc=0.8933 | 15.6s
Epoch 015/50 | train_loss=0.2053  train_acc=0.9274 | val_loss=0.3795  val_acc=0.8826 | 15.6s
Epoch 016/50 | train_loss=0.1890  train_acc=0.9341 | val_loss=0.3236  val_acc=0.8999 | 15.6s
Epoch 017/50 | train_loss=0.1745  train_acc=0.9380 | val_loss=0.3543  val_acc=0.8928 | 15.6s
Epoch 018/50 | train_loss=0.1639  train_acc=0.9411 | val_loss=0.3580  val_acc=0.8907 | 15.6s
Epoch 019/50 | train_loss=0.1482  train_acc=0.9481 | val_loss=0.3543  val_acc=0.8970 | 15.6s
Epoch 020/50 | train_loss=0.1431  train_acc=0.9497 | val_loss=0.3675  val_acc=0.8963 | 15.6s
Epoch 021/50 | train_loss=0.1328  train_acc=0.9536 | val_loss=0.3457  val_acc=0.9004 | 15.6s
Epoch 022/50 | train_loss=0.1219  train_acc=0.9570 | val_loss=0.3206  val_acc=0.9057 | 15.6s
Epoch 023/50 | train_loss=0.1204  train_acc=0.9581 | val_loss=0.3209  val_acc=0.9022 | 15.6s
Epoch 024/50 | train_loss=0.1086  train_acc=0.9620 | val_loss=0.3375  val_acc=0.9072 | 15.6s
Epoch 025/50 | train_loss=0.1035  train_acc=0.9636 | val_loss=0.3515  val_acc=0.9040 | 15.6s
Epoch 026/50 | train_loss=0.0565  train_acc=0.9811 | val_loss=0.2973  val_acc=0.9206 | 15.6s
Epoch 027/50 | train_loss=0.0424  train_acc=0.9859 | val_loss=0.2968  val_acc=0.9201 | 15.6s
Epoch 028/50 | train_loss=0.0350  train_acc=0.9884 | val_loss=0.2993  val_acc=0.9231 | 15.6s
Epoch 029/50 | train_loss=0.0309  train_acc=0.9897 | val_loss=0.3186  val_acc=0.9227 | 15.6s
Epoch 030/50 | train_loss=0.0265  train_acc=0.9917 | val_loss=0.3175  val_acc=0.9234 | 15.6s
Epoch 031/50 | train_loss=0.0251  train_acc=0.9919 | val_loss=0.3285  val_acc=0.9217 | 15.6s
Epoch 032/50 | train_loss=0.0230  train_acc=0.9925 | val_loss=0.3341  val_acc=0.9234 | 15.6s
Epoch 033/50 | train_loss=0.0218  train_acc=0.9928 | val_loss=0.3362  val_acc=0.9218 | 15.6s
Epoch 034/50 | train_loss=0.0190  train_acc=0.9934 | val_loss=0.3359  val_acc=0.9232 | 15.6s
Epoch 035/50 | train_loss=0.0174  train_acc=0.9944 | val_loss=0.3477  val_acc=0.9245 | 15.6s
Epoch 036/50 | train_loss=0.0178  train_acc=0.9942 | val_loss=0.3528  val_acc=0.9246 | 15.6s
Epoch 037/50 | train_loss=0.0169  train_acc=0.9945 | val_loss=0.3508  val_acc=0.9259 | 15.6s
Epoch 038/50 | train_loss=0.0135  train_acc=0.9957 | val_loss=0.3611  val_acc=0.9254 | 15.6s
Epoch 039/50 | train_loss=0.0137  train_acc=0.9956 | val_loss=0.3624  val_acc=0.9249 | 15.6s
Epoch 040/50 | train_loss=0.0140  train_acc=0.9952 | val_loss=0.3551  val_acc=0.9269 | 15.6s
Epoch 041/50 | train_loss=0.0122  train_acc=0.9960 | val_loss=0.3709  val_acc=0.9265 | 15.6s
Epoch 042/50 | train_loss=0.0119  train_acc=0.9963 | val_loss=0.3737  val_acc=0.9256 | 15.6s
Epoch 043/50 | train_loss=0.0122  train_acc=0.9962 | val_loss=0.3817  val_acc=0.9250 | 15.6s
Epoch 044/50 | train_loss=0.0115  train_acc=0.9962 | val_loss=0.3800  val_acc=0.9257 | 15.6s
Epoch 045/50 | train_loss=0.0115  train_acc=0.9961 | val_loss=0.3835  val_acc=0.9223 | 15.6s
Epoch 046/50 | train_loss=0.0096  train_acc=0.9969 | val_loss=0.3860  val_acc=0.9253 | 15.6s
Epoch 047/50 | train_loss=0.0100  train_acc=0.9967 | val_loss=0.3932  val_acc=0.9239 | 15.6s
Epoch 048/50 | train_loss=0.0088  train_acc=0.9970 | val_loss=0.3904  val_acc=0.9239 | 15.6s
Epoch 049/50 | train_loss=0.0088  train_acc=0.9972 | val_loss=0.3882  val_acc=0.9261 | 15.6s
Epoch 050/50 | train_loss=0.0084  train_acc=0.9975 | val_loss=0.3902  val_acc=0.9258 | 15.6s

Best val accuracy : 0.9269
Results saved to  : results_v5/exp_lab_norm_minmax_seed42
=== exp_lab_norm_minmax seed=0 -> results_v5/exp_lab_norm_minmax_seed0 ===
[exp_lab_norm_minmax] seed=0  device=cuda  colorspace=lab  normalization=minmax
/home/stud/gnjinkap/miniforge3/envs/thesis/lib/python3.11/site-packages/torchvision/datasets/cifar.py:83: VisibleDeprecationWarning: dtype(): align should be passed as Python or NumPy boolean but got `align=0`. Did you mean to pass a tuple to create a subarray type? (Deprecated NumPy 2.4)
  entry = pickle.load(f, encoding="latin1")
Epoch 001/50 | train_loss=1.4271  train_acc=0.4748 | val_loss=1.4021  val_acc=0.5201 | 15.8s
Epoch 002/50 | train_loss=0.9676  train_acc=0.6554 | val_loss=1.2719  val_acc=0.5863 | 15.5s
Epoch 003/50 | train_loss=0.7842  train_acc=0.7232 | val_loss=0.8312  val_acc=0.7170 | 15.5s
Epoch 004/50 | train_loss=0.6477  train_acc=0.7736 | val_loss=0.6563  val_acc=0.7821 | 15.6s
Epoch 005/50 | train_loss=0.5632  train_acc=0.8034 | val_loss=0.5741  val_acc=0.8047 | 15.6s
Epoch 006/50 | train_loss=0.4894  train_acc=0.8298 | val_loss=0.5484  val_acc=0.8156 | 15.6s
Epoch 007/50 | train_loss=0.4403  train_acc=0.8468 | val_loss=0.4872  val_acc=0.8369 | 15.6s
Epoch 008/50 | train_loss=0.3941  train_acc=0.8638 | val_loss=0.4491  val_acc=0.8478 | 15.6s
Epoch 009/50 | train_loss=0.3562  train_acc=0.8773 | val_loss=0.4029  val_acc=0.8664 | 15.6s
Epoch 010/50 | train_loss=0.3265  train_acc=0.8854 | val_loss=0.4098  val_acc=0.8634 | 15.6s
Epoch 011/50 | train_loss=0.2966  train_acc=0.8987 | val_loss=0.3941  val_acc=0.8740 | 15.6s
Epoch 012/50 | train_loss=0.2700  train_acc=0.9059 | val_loss=0.4280  val_acc=0.8629 | 15.6s
Epoch 013/50 | train_loss=0.2518  train_acc=0.9134 | val_loss=0.3653  val_acc=0.8823 | 15.6s
Epoch 014/50 | train_loss=0.2301  train_acc=0.9184 | val_loss=0.3806  val_acc=0.8769 | 15.6s
Epoch 015/50 | train_loss=0.2110  train_acc=0.9271 | val_loss=0.4347  val_acc=0.8713 | 15.6s
Epoch 016/50 | train_loss=0.1944  train_acc=0.9324 | val_loss=0.3564  val_acc=0.8852 | 15.6s
Epoch 017/50 | train_loss=0.1809  train_acc=0.9366 | val_loss=0.3519  val_acc=0.8891 | 15.6s
Epoch 018/50 | train_loss=0.1679  train_acc=0.9416 | val_loss=0.3433  val_acc=0.8947 | 15.6s
Epoch 019/50 | train_loss=0.1602  train_acc=0.9427 | val_loss=0.3550  val_acc=0.8950 | 15.6s
Epoch 020/50 | train_loss=0.1448  train_acc=0.9489 | val_loss=0.3483  val_acc=0.9003 | 15.6s
Epoch 021/50 | train_loss=0.1335  train_acc=0.9535 | val_loss=0.3669  val_acc=0.8950 | 15.6s
Epoch 022/50 | train_loss=0.1292  train_acc=0.9541 | val_loss=0.3466  val_acc=0.8956 | 15.6s
Epoch 023/50 | train_loss=0.1195  train_acc=0.9582 | val_loss=0.3791  val_acc=0.8955 | 15.6s
Epoch 024/50 | train_loss=0.1154  train_acc=0.9589 | val_loss=0.3415  val_acc=0.9045 | 15.6s
Epoch 025/50 | train_loss=0.1084  train_acc=0.9617 | val_loss=0.3481  val_acc=0.9060 | 15.6s
Epoch 026/50 | train_loss=0.0587  train_acc=0.9805 | val_loss=0.2963  val_acc=0.9202 | 15.6s
Epoch 027/50 | train_loss=0.0425  train_acc=0.9860 | val_loss=0.2964  val_acc=0.9224 | 15.6s
Epoch 028/50 | train_loss=0.0363  train_acc=0.9877 | val_loss=0.3111  val_acc=0.9213 | 15.6s
Epoch 029/50 | train_loss=0.0329  train_acc=0.9892 | val_loss=0.3181  val_acc=0.9212 | 15.6s
Epoch 030/50 | train_loss=0.0307  train_acc=0.9898 | val_loss=0.3224  val_acc=0.9244 | 15.6s
Epoch 031/50 | train_loss=0.0252  train_acc=0.9917 | val_loss=0.3305  val_acc=0.9228 | 15.6s
Epoch 032/50 | train_loss=0.0256  train_acc=0.9915 | val_loss=0.3387  val_acc=0.9227 | 15.6s
Epoch 033/50 | train_loss=0.0223  train_acc=0.9927 | val_loss=0.3379  val_acc=0.9247 | 15.6s
Epoch 034/50 | train_loss=0.0217  train_acc=0.9929 | val_loss=0.3407  val_acc=0.9249 | 15.6s
Epoch 035/50 | train_loss=0.0182  train_acc=0.9940 | val_loss=0.3465  val_acc=0.9236 | 15.6s
Epoch 036/50 | train_loss=0.0186  train_acc=0.9941 | val_loss=0.3606  val_acc=0.9225 | 15.6s
Epoch 037/50 | train_loss=0.0164  train_acc=0.9944 | val_loss=0.3522  val_acc=0.9247 | 15.6s
Epoch 038/50 | train_loss=0.0169  train_acc=0.9941 | val_loss=0.3670  val_acc=0.9248 | 15.6s
Epoch 039/50 | train_loss=0.0150  train_acc=0.9947 | val_loss=0.3728  val_acc=0.9237 | 15.6s
Epoch 040/50 | train_loss=0.0142  train_acc=0.9953 | val_loss=0.3715  val_acc=0.9246 | 15.6s
Epoch 041/50 | train_loss=0.0141  train_acc=0.9954 | val_loss=0.3718  val_acc=0.9240 | 15.6s
Epoch 042/50 | train_loss=0.0136  train_acc=0.9955 | val_loss=0.3859  val_acc=0.9239 | 15.6s
Epoch 043/50 | train_loss=0.0127  train_acc=0.9960 | val_loss=0.3914  val_acc=0.9242 | 15.6s
Epoch 044/50 | train_loss=0.0124  train_acc=0.9963 | val_loss=0.3882  val_acc=0.9250 | 15.6s
Epoch 045/50 | train_loss=0.0111  train_acc=0.9963 | val_loss=0.3958  val_acc=0.9257 | 15.6s
Epoch 046/50 | train_loss=0.0119  train_acc=0.9961 | val_loss=0.3943  val_acc=0.9258 | 15.6s
Epoch 047/50 | train_loss=0.0100  train_acc=0.9970 | val_loss=0.3957  val_acc=0.9242 | 15.6s
Epoch 048/50 | train_loss=0.0105  train_acc=0.9966 | val_loss=0.4034  val_acc=0.9250 | 15.6s
Epoch 049/50 | train_loss=0.0094  train_acc=0.9969 | val_loss=0.4057  val_acc=0.9263 | 15.6s
Epoch 050/50 | train_loss=0.0092  train_acc=0.9971 | val_loss=0.4103  val_acc=0.9241 | 15.6s

Best val accuracy : 0.9263
Results saved to  : results_v5/exp_lab_norm_minmax_seed0
=== exp_lab_norm_minmax seed=1 -> results_v5/exp_lab_norm_minmax_seed1 ===
[exp_lab_norm_minmax] seed=1  device=cuda  colorspace=lab  normalization=minmax
/home/stud/gnjinkap/miniforge3/envs/thesis/lib/python3.11/site-packages/torchvision/datasets/cifar.py:83: VisibleDeprecationWarning: dtype(): align should be passed as Python or NumPy boolean but got `align=0`. Did you mean to pass a tuple to create a subarray type? (Deprecated NumPy 2.4)
  entry = pickle.load(f, encoding="latin1")
Epoch 001/50 | train_loss=1.4446  train_acc=0.4655 | val_loss=1.3368  val_acc=0.5442 | 15.9s
Epoch 002/50 | train_loss=0.9634  train_acc=0.6564 | val_loss=0.9737  val_acc=0.6637 | 15.6s
Epoch 003/50 | train_loss=0.7593  train_acc=0.7337 | val_loss=0.7355  val_acc=0.7524 | 15.6s
Epoch 004/50 | train_loss=0.6269  train_acc=0.7823 | val_loss=0.5823  val_acc=0.8066 | 15.6s
Epoch 005/50 | train_loss=0.5434  train_acc=0.8112 | val_loss=0.5809  val_acc=0.8040 | 15.6s
Epoch 006/50 | train_loss=0.4786  train_acc=0.8355 | val_loss=0.6437  val_acc=0.7925 | 15.6s
Epoch 007/50 | train_loss=0.4269  train_acc=0.8531 | val_loss=0.4763  val_acc=0.8391 | 15.6s
Epoch 008/50 | train_loss=0.3855  train_acc=0.8662 | val_loss=0.4236  val_acc=0.8558 | 15.6s
Epoch 009/50 | train_loss=0.3468  train_acc=0.8806 | val_loss=0.4048  val_acc=0.8640 | 15.6s
Epoch 010/50 | train_loss=0.3168  train_acc=0.8911 | val_loss=0.3841  val_acc=0.8713 | 15.6s
Epoch 011/50 | train_loss=0.2904  train_acc=0.8976 | val_loss=0.4377  val_acc=0.8608 | 15.6s
Epoch 012/50 | train_loss=0.2701  train_acc=0.9058 | val_loss=0.3516  val_acc=0.8840 | 15.6s
Epoch 013/50 | train_loss=0.2398  train_acc=0.9165 | val_loss=0.4017  val_acc=0.8682 | 15.6s
Epoch 014/50 | train_loss=0.2220  train_acc=0.9218 | val_loss=0.3784  val_acc=0.8847 | 15.6s
Epoch 015/50 | train_loss=0.2072  train_acc=0.9274 | val_loss=0.3387  val_acc=0.8911 | 15.6s
Epoch 016/50 | train_loss=0.1883  train_acc=0.9341 | val_loss=0.4003  val_acc=0.8814 | 15.6s
Epoch 017/50 | train_loss=0.1744  train_acc=0.9385 | val_loss=0.3273  val_acc=0.9023 | 15.6s
Epoch 018/50 | train_loss=0.1606  train_acc=0.9440 | val_loss=0.3314  val_acc=0.8987 | 15.6s
Epoch 019/50 | train_loss=0.1512  train_acc=0.9466 | val_loss=0.3336  val_acc=0.8994 | 15.6s
Epoch 020/50 | train_loss=0.1435  train_acc=0.9500 | val_loss=0.3454  val_acc=0.9022 | 15.6s
Epoch 021/50 | train_loss=0.1310  train_acc=0.9538 | val_loss=0.3336  val_acc=0.9030 | 15.6s
Epoch 022/50 | train_loss=0.1223  train_acc=0.9569 | val_loss=0.3661  val_acc=0.8980 | 15.6s
Epoch 023/50 | train_loss=0.1153  train_acc=0.9592 | val_loss=0.3454  val_acc=0.9024 | 15.6s
Epoch 024/50 | train_loss=0.1074  train_acc=0.9615 | val_loss=0.3292  val_acc=0.9063 | 15.6s
Epoch 025/50 | train_loss=0.1007  train_acc=0.9641 | val_loss=0.3572  val_acc=0.8992 | 15.6s
Epoch 026/50 | train_loss=0.0553  train_acc=0.9817 | val_loss=0.2956  val_acc=0.9213 | 15.6s
Epoch 027/50 | train_loss=0.0412  train_acc=0.9861 | val_loss=0.3026  val_acc=0.9223 | 15.6s
Epoch 028/50 | train_loss=0.0364  train_acc=0.9879 | val_loss=0.3092  val_acc=0.9239 | 15.6s
Epoch 029/50 | train_loss=0.0287  train_acc=0.9912 | val_loss=0.3180  val_acc=0.9237 | 15.6s
Epoch 030/50 | train_loss=0.0278  train_acc=0.9905 | val_loss=0.3184  val_acc=0.9236 | 15.6s
Epoch 031/50 | train_loss=0.0232  train_acc=0.9929 | val_loss=0.3329  val_acc=0.9239 | 15.6s
Epoch 032/50 | train_loss=0.0225  train_acc=0.9924 | val_loss=0.3317  val_acc=0.9243 | 15.6s
Epoch 033/50 | train_loss=0.0207  train_acc=0.9932 | val_loss=0.3394  val_acc=0.9244 | 15.6s
Epoch 034/50 | train_loss=0.0189  train_acc=0.9941 | val_loss=0.3433  val_acc=0.9249 | 15.6s
Epoch 035/50 | train_loss=0.0190  train_acc=0.9935 | val_loss=0.3454  val_acc=0.9244 | 15.6s
Epoch 036/50 | train_loss=0.0171  train_acc=0.9945 | val_loss=0.3502  val_acc=0.9242 | 15.6s
Epoch 037/50 | train_loss=0.0162  train_acc=0.9949 | val_loss=0.3496  val_acc=0.9240 | 15.6s
Epoch 038/50 | train_loss=0.0157  train_acc=0.9946 | val_loss=0.3553  val_acc=0.9238 | 15.6s
Epoch 039/50 | train_loss=0.0142  train_acc=0.9955 | val_loss=0.3601  val_acc=0.9249 | 15.6s
Epoch 040/50 | train_loss=0.0146  train_acc=0.9951 | val_loss=0.3588  val_acc=0.9252 | 15.6s
Epoch 041/50 | train_loss=0.0131  train_acc=0.9959 | val_loss=0.3718  val_acc=0.9229 | 15.6s
Epoch 042/50 | train_loss=0.0121  train_acc=0.9958 | val_loss=0.3694  val_acc=0.9252 | 15.6s
Epoch 043/50 | train_loss=0.0125  train_acc=0.9960 | val_loss=0.3785  val_acc=0.9238 | 15.6s
Epoch 044/50 | train_loss=0.0115  train_acc=0.9962 | val_loss=0.3888  val_acc=0.9236 | 15.6s
Epoch 045/50 | train_loss=0.0102  train_acc=0.9968 | val_loss=0.3853  val_acc=0.9247 | 15.6s
Epoch 046/50 | train_loss=0.0099  train_acc=0.9968 | val_loss=0.3907  val_acc=0.9241 | 15.6s
Epoch 047/50 | train_loss=0.0096  train_acc=0.9969 | val_loss=0.3947  val_acc=0.9252 | 15.6s
Epoch 048/50 | train_loss=0.0100  train_acc=0.9966 | val_loss=0.3894  val_acc=0.9261 | 15.6s
Epoch 049/50 | train_loss=0.0101  train_acc=0.9967 | val_loss=0.4018  val_acc=0.9244 | 15.6s
Epoch 050/50 | train_loss=0.0088  train_acc=0.9973 | val_loss=0.4100  val_acc=0.9243 | 15.6s

Best val accuracy : 0.9261
Results saved to  : results_v5/exp_lab_norm_minmax_seed1
=== exp_lab_norm_centered seed=42 -> results_v5/exp_lab_norm_centered_seed42 ===
[exp_lab_norm_centered] seed=42  device=cuda  colorspace=lab  normalization=centered
/home/stud/gnjinkap/miniforge3/envs/thesis/lib/python3.11/site-packages/torchvision/datasets/cifar.py:83: VisibleDeprecationWarning: dtype(): align should be passed as Python or NumPy boolean but got `align=0`. Did you mean to pass a tuple to create a subarray type? (Deprecated NumPy 2.4)
  entry = pickle.load(f, encoding="latin1")
Epoch 001/50 | train_loss=1.4203  train_acc=0.4778 | val_loss=1.1084  val_acc=0.6095 | 15.9s
Epoch 002/50 | train_loss=0.9567  train_acc=0.6587 | val_loss=0.8449  val_acc=0.7124 | 15.6s
Epoch 003/50 | train_loss=0.7609  train_acc=0.7304 | val_loss=0.6714  val_acc=0.7678 | 15.6s
Epoch 004/50 | train_loss=0.6261  train_acc=0.7832 | val_loss=0.5503  val_acc=0.8125 | 15.6s
Epoch 005/50 | train_loss=0.5385  train_acc=0.8135 | val_loss=0.5254  val_acc=0.8231 | 15.6s
Epoch 006/50 | train_loss=0.4751  train_acc=0.8359 | val_loss=0.4716  val_acc=0.8417 | 15.6s
Epoch 007/50 | train_loss=0.4246  train_acc=0.8536 | val_loss=0.4525  val_acc=0.8473 | 15.6s
Epoch 008/50 | train_loss=0.3834  train_acc=0.8682 | val_loss=0.4548  val_acc=0.8474 | 15.6s
Epoch 009/50 | train_loss=0.3479  train_acc=0.8791 | val_loss=0.4176  val_acc=0.8631 | 15.6s
Epoch 010/50 | train_loss=0.3179  train_acc=0.8885 | val_loss=0.4101  val_acc=0.8647 | 15.6s
Epoch 011/50 | train_loss=0.2882  train_acc=0.8998 | val_loss=0.3643  val_acc=0.8775 | 15.6s
Epoch 012/50 | train_loss=0.2631  train_acc=0.9085 | val_loss=0.3569  val_acc=0.8833 | 15.6s
Epoch 013/50 | train_loss=0.2443  train_acc=0.9154 | val_loss=0.3742  val_acc=0.8802 | 15.6s
Epoch 014/50 | train_loss=0.2213  train_acc=0.9230 | val_loss=0.3449  val_acc=0.8906 | 15.6s
Epoch 015/50 | train_loss=0.2085  train_acc=0.9273 | val_loss=0.3464  val_acc=0.8924 | 15.6s
Epoch 016/50 | train_loss=0.1939  train_acc=0.9313 | val_loss=0.3482  val_acc=0.8945 | 15.6s
Epoch 017/50 | train_loss=0.1788  train_acc=0.9365 | val_loss=0.3792  val_acc=0.8883 | 15.6s
Epoch 018/50 | train_loss=0.1647  train_acc=0.9419 | val_loss=0.3692  val_acc=0.8870 | 15.6s
Epoch 019/50 | train_loss=0.1498  train_acc=0.9471 | val_loss=0.3322  val_acc=0.9013 | 15.6s
Epoch 020/50 | train_loss=0.1406  train_acc=0.9500 | val_loss=0.3327  val_acc=0.9035 | 15.6s
Epoch 021/50 | train_loss=0.1352  train_acc=0.9519 | val_loss=0.3156  val_acc=0.9083 | 15.6s
Epoch 022/50 | train_loss=0.1235  train_acc=0.9560 | val_loss=0.3232  val_acc=0.9072 | 15.6s
Epoch 023/50 | train_loss=0.1181  train_acc=0.9580 | val_loss=0.3189  val_acc=0.9048 | 15.6s
Epoch 024/50 | train_loss=0.1092  train_acc=0.9614 | val_loss=0.3306  val_acc=0.9096 | 15.6s
Epoch 025/50 | train_loss=0.1014  train_acc=0.9637 | val_loss=0.3439  val_acc=0.9034 | 15.6s
Epoch 026/50 | train_loss=0.0589  train_acc=0.9804 | val_loss=0.2992  val_acc=0.9193 | 15.6s
Epoch 027/50 | train_loss=0.0428  train_acc=0.9865 | val_loss=0.2976  val_acc=0.9227 | 15.6s
Epoch 028/50 | train_loss=0.0364  train_acc=0.9880 | val_loss=0.2946  val_acc=0.9241 | 15.6s
Epoch 029/50 | train_loss=0.0322  train_acc=0.9896 | val_loss=0.3115  val_acc=0.9216 | 15.6s
Epoch 030/50 | train_loss=0.0282  train_acc=0.9904 | val_loss=0.3163  val_acc=0.9242 | 15.6s
Epoch 031/50 | train_loss=0.0270  train_acc=0.9912 | val_loss=0.3254  val_acc=0.9249 | 15.6s
Epoch 032/50 | train_loss=0.0234  train_acc=0.9921 | val_loss=0.3289  val_acc=0.9242 | 15.6s
Epoch 033/50 | train_loss=0.0240  train_acc=0.9915 | val_loss=0.3362  val_acc=0.9216 | 15.6s
Epoch 034/50 | train_loss=0.0197  train_acc=0.9936 | val_loss=0.3461  val_acc=0.9243 | 15.6s
Epoch 035/50 | train_loss=0.0190  train_acc=0.9938 | val_loss=0.3482  val_acc=0.9222 | 15.6s
Epoch 036/50 | train_loss=0.0186  train_acc=0.9939 | val_loss=0.3564  val_acc=0.9241 | 15.6s
Epoch 037/50 | train_loss=0.0171  train_acc=0.9946 | val_loss=0.3592  val_acc=0.9233 | 15.6s
Epoch 038/50 | train_loss=0.0162  train_acc=0.9949 | val_loss=0.3641  val_acc=0.9248 | 15.5s
Epoch 039/50 | train_loss=0.0147  train_acc=0.9952 | val_loss=0.3620  val_acc=0.9254 | 15.6s
Epoch 040/50 | train_loss=0.0147  train_acc=0.9949 | val_loss=0.3646  val_acc=0.9243 | 15.6s
Epoch 041/50 | train_loss=0.0135  train_acc=0.9951 | val_loss=0.3627  val_acc=0.9265 | 15.6s
Epoch 042/50 | train_loss=0.0122  train_acc=0.9961 | val_loss=0.3633  val_acc=0.9268 | 15.6s
Epoch 043/50 | train_loss=0.0115  train_acc=0.9966 | val_loss=0.3732  val_acc=0.9268 | 15.6s
Epoch 044/50 | train_loss=0.0121  train_acc=0.9963 | val_loss=0.3732  val_acc=0.9248 | 15.6s
Epoch 045/50 | train_loss=0.0104  train_acc=0.9969 | val_loss=0.3845  val_acc=0.9250 | 15.6s
Epoch 046/50 | train_loss=0.0113  train_acc=0.9965 | val_loss=0.3755  val_acc=0.9259 | 15.5s
Epoch 047/50 | train_loss=0.0105  train_acc=0.9965 | val_loss=0.3846  val_acc=0.9247 | 15.6s
Epoch 048/50 | train_loss=0.0093  train_acc=0.9970 | val_loss=0.3878  val_acc=0.9265 | 15.6s
Epoch 049/50 | train_loss=0.0084  train_acc=0.9972 | val_loss=0.3957  val_acc=0.9261 | 15.6s
Epoch 050/50 | train_loss=0.0090  train_acc=0.9967 | val_loss=0.3857  val_acc=0.9280 | 15.6s

Best val accuracy : 0.9280
Results saved to  : results_v5/exp_lab_norm_centered_seed42
=== exp_lab_norm_centered seed=0 -> results_v5/exp_lab_norm_centered_seed0 ===
[exp_lab_norm_centered] seed=0  device=cuda  colorspace=lab  normalization=centered
/home/stud/gnjinkap/miniforge3/envs/thesis/lib/python3.11/site-packages/torchvision/datasets/cifar.py:83: VisibleDeprecationWarning: dtype(): align should be passed as Python or NumPy boolean but got `align=0`. Did you mean to pass a tuple to create a subarray type? (Deprecated NumPy 2.4)
  entry = pickle.load(f, encoding="latin1")
Epoch 001/50 | train_loss=1.4185  train_acc=0.4762 | val_loss=1.0457  val_acc=0.6228 | 16.0s
Epoch 002/50 | train_loss=0.9573  train_acc=0.6591 | val_loss=0.8241  val_acc=0.7074 | 15.6s
Epoch 003/50 | train_loss=0.7623  train_acc=0.7291 | val_loss=0.6349  val_acc=0.7825 | 15.6s
Epoch 004/50 | train_loss=0.6219  train_acc=0.7810 | val_loss=0.5901  val_acc=0.7960 | 15.6s
Epoch 005/50 | train_loss=0.5373  train_acc=0.8135 | val_loss=0.5060  val_acc=0.8280 | 15.6s
Epoch 006/50 | train_loss=0.4666  train_acc=0.8393 | val_loss=0.4761  val_acc=0.8358 | 15.6s
Epoch 007/50 | train_loss=0.4209  train_acc=0.8529 | val_loss=0.4758  val_acc=0.8391 | 15.6s
Epoch 008/50 | train_loss=0.3788  train_acc=0.8695 | val_loss=0.4238  val_acc=0.8560 | 15.6s
Epoch 009/50 | train_loss=0.3407  train_acc=0.8837 | val_loss=0.3696  val_acc=0.8765 | 15.6s
Epoch 010/50 | train_loss=0.3141  train_acc=0.8910 | val_loss=0.3761  val_acc=0.8733 | 15.6s
Epoch 011/50 | train_loss=0.2853  train_acc=0.9013 | val_loss=0.3466  val_acc=0.8873 | 15.6s
Epoch 012/50 | train_loss=0.2585  train_acc=0.9098 | val_loss=0.3618  val_acc=0.8838 | 15.6s
Epoch 013/50 | train_loss=0.2402  train_acc=0.9158 | val_loss=0.3476  val_acc=0.8894 | 15.6s
Epoch 014/50 | train_loss=0.2187  train_acc=0.9226 | val_loss=0.3272  val_acc=0.8978 | 15.6s
Epoch 015/50 | train_loss=0.2021  train_acc=0.9285 | val_loss=0.3340  val_acc=0.8928 | 15.6s
Epoch 016/50 | train_loss=0.1883  train_acc=0.9343 | val_loss=0.4110  val_acc=0.8764 | 15.6s
Epoch 017/50 | train_loss=0.1714  train_acc=0.9399 | val_loss=0.3442  val_acc=0.8967 | 15.6s
Epoch 018/50 | train_loss=0.1606  train_acc=0.9427 | val_loss=0.3467  val_acc=0.8968 | 15.6s
Epoch 019/50 | train_loss=0.1519  train_acc=0.9467 | val_loss=0.3377  val_acc=0.9020 | 15.6s
Epoch 020/50 | train_loss=0.1378  train_acc=0.9517 | val_loss=0.3414  val_acc=0.9028 | 15.6s
Epoch 021/50 | train_loss=0.1302  train_acc=0.9543 | val_loss=0.3626  val_acc=0.8977 | 15.6s
Epoch 022/50 | train_loss=0.1199  train_acc=0.9566 | val_loss=0.3242  val_acc=0.9046 | 15.6s
Epoch 023/50 | train_loss=0.1163  train_acc=0.9587 | val_loss=0.3474  val_acc=0.9006 | 15.6s
Epoch 024/50 | train_loss=0.1085  train_acc=0.9611 | val_loss=0.3410  val_acc=0.9074 | 15.6s
Epoch 025/50 | train_loss=0.1042  train_acc=0.9632 | val_loss=0.3750  val_acc=0.9038 | 15.6s
Epoch 026/50 | train_loss=0.0581  train_acc=0.9803 | val_loss=0.2979  val_acc=0.9212 | 15.6s
Epoch 027/50 | train_loss=0.0397  train_acc=0.9869 | val_loss=0.2932  val_acc=0.9245 | 15.6s
Epoch 028/50 | train_loss=0.0358  train_acc=0.9883 | val_loss=0.3111  val_acc=0.9238 | 15.6s
Epoch 029/50 | train_loss=0.0317  train_acc=0.9896 | val_loss=0.3138  val_acc=0.9236 | 15.6s
Epoch 030/50 | train_loss=0.0281  train_acc=0.9905 | val_loss=0.3245  val_acc=0.9232 | 15.6s
Epoch 031/50 | train_loss=0.0255  train_acc=0.9915 | val_loss=0.3321  val_acc=0.9233 | 15.6s
Epoch 032/50 | train_loss=0.0233  train_acc=0.9918 | val_loss=0.3304  val_acc=0.9260 | 15.6s
Epoch 033/50 | train_loss=0.0219  train_acc=0.9923 | val_loss=0.3346  val_acc=0.9254 | 15.6s
Epoch 034/50 | train_loss=0.0200  train_acc=0.9932 | val_loss=0.3323  val_acc=0.9252 | 15.6s
Epoch 035/50 | train_loss=0.0170  train_acc=0.9945 | val_loss=0.3404  val_acc=0.9258 | 15.6s
Epoch 036/50 | train_loss=0.0172  train_acc=0.9948 | val_loss=0.3480  val_acc=0.9258 | 15.6s
Epoch 037/50 | train_loss=0.0157  train_acc=0.9946 | val_loss=0.3511  val_acc=0.9263 | 15.6s
Epoch 038/50 | train_loss=0.0140  train_acc=0.9956 | val_loss=0.3567  val_acc=0.9267 | 15.6s
Epoch 039/50 | train_loss=0.0135  train_acc=0.9955 | val_loss=0.3586  val_acc=0.9262 | 15.6s
Epoch 040/50 | train_loss=0.0138  train_acc=0.9958 | val_loss=0.3713  val_acc=0.9258 | 15.6s
Epoch 041/50 | train_loss=0.0131  train_acc=0.9956 | val_loss=0.3675  val_acc=0.9280 | 15.6s
Epoch 042/50 | train_loss=0.0125  train_acc=0.9959 | val_loss=0.3857  val_acc=0.9263 | 15.6s
Epoch 043/50 | train_loss=0.0116  train_acc=0.9965 | val_loss=0.3853  val_acc=0.9234 | 15.6s
Epoch 044/50 | train_loss=0.0112  train_acc=0.9961 | val_loss=0.3763  val_acc=0.9270 | 15.6s
Epoch 045/50 | train_loss=0.0104  train_acc=0.9966 | val_loss=0.3845  val_acc=0.9256 | 15.6s
Epoch 046/50 | train_loss=0.0103  train_acc=0.9968 | val_loss=0.3816  val_acc=0.9278 | 15.6s
Epoch 047/50 | train_loss=0.0095  train_acc=0.9968 | val_loss=0.3838  val_acc=0.9255 | 15.6s
Epoch 048/50 | train_loss=0.0087  train_acc=0.9972 | val_loss=0.3909  val_acc=0.9272 | 15.6s
Epoch 049/50 | train_loss=0.0095  train_acc=0.9969 | val_loss=0.3913  val_acc=0.9274 | 15.6s
Epoch 050/50 | train_loss=0.0082  train_acc=0.9976 | val_loss=0.4009  val_acc=0.9267 | 15.6s

Best val accuracy : 0.9280
Results saved to  : results_v5/exp_lab_norm_centered_seed0
=== exp_lab_norm_centered seed=1 -> results_v5/exp_lab_norm_centered_seed1 ===
[exp_lab_norm_centered] seed=1  device=cuda  colorspace=lab  normalization=centered
/home/stud/gnjinkap/miniforge3/envs/thesis/lib/python3.11/site-packages/torchvision/datasets/cifar.py:83: VisibleDeprecationWarning: dtype(): align should be passed as Python or NumPy boolean but got `align=0`. Did you mean to pass a tuple to create a subarray type? (Deprecated NumPy 2.4)
  entry = pickle.load(f, encoding="latin1")
Epoch 001/50 | train_loss=1.4376  train_acc=0.4719 | val_loss=1.1709  val_acc=0.5793 | 15.7s
Epoch 002/50 | train_loss=0.9666  train_acc=0.6564 | val_loss=0.8435  val_acc=0.7031 | 15.4s
Epoch 003/50 | train_loss=0.7514  train_acc=0.7374 | val_loss=0.6732  val_acc=0.7718 | 15.5s
Epoch 004/50 | train_loss=0.6202  train_acc=0.7848 | val_loss=0.5602  val_acc=0.8106 | 15.6s
Epoch 005/50 | train_loss=0.5374  train_acc=0.8126 | val_loss=0.5480  val_acc=0.8175 | 15.6s
Epoch 006/50 | train_loss=0.4720  train_acc=0.8370 | val_loss=0.4764  val_acc=0.8413 | 15.6s
Epoch 007/50 | train_loss=0.4220  train_acc=0.8549 | val_loss=0.4355  val_acc=0.8543 | 15.6s
Epoch 008/50 | train_loss=0.3791  train_acc=0.8689 | val_loss=0.4296  val_acc=0.8578 | 15.7s
Epoch 009/50 | train_loss=0.3422  train_acc=0.8812 | val_loss=0.3963  val_acc=0.8680 | 15.6s
Epoch 010/50 | train_loss=0.3113  train_acc=0.8932 | val_loss=0.4064  val_acc=0.8690 | 15.6s
Epoch 011/50 | train_loss=0.2863  train_acc=0.8995 | val_loss=0.3789  val_acc=0.8772 | 15.6s
Epoch 012/50 | train_loss=0.2615  train_acc=0.9103 | val_loss=0.3749  val_acc=0.8821 | 15.6s
Epoch 013/50 | train_loss=0.2394  train_acc=0.9169 | val_loss=0.3398  val_acc=0.8894 | 15.7s
Epoch 014/50 | train_loss=0.2229  train_acc=0.9221 | val_loss=0.3727  val_acc=0.8845 | 15.7s
Epoch 015/50 | train_loss=0.2025  train_acc=0.9288 | val_loss=0.3755  val_acc=0.8855 | 15.6s
Epoch 016/50 | train_loss=0.1886  train_acc=0.9340 | val_loss=0.3454  val_acc=0.8955 | 15.6s
Epoch 017/50 | train_loss=0.1738  train_acc=0.9385 | val_loss=0.3330  val_acc=0.8991 | 15.6s
Epoch 018/50 | train_loss=0.1614  train_acc=0.9451 | val_loss=0.3489  val_acc=0.8980 | 15.7s
Epoch 019/50 | train_loss=0.1495  train_acc=0.9460 | val_loss=0.3582  val_acc=0.9006 | 15.6s
Epoch 020/50 | train_loss=0.1429  train_acc=0.9498 | val_loss=0.3247  val_acc=0.9024 | 15.6s
Epoch 021/50 | train_loss=0.1288  train_acc=0.9544 | val_loss=0.3284  val_acc=0.9085 | 15.7s
Epoch 022/50 | train_loss=0.1217  train_acc=0.9572 | val_loss=0.3516  val_acc=0.9003 | 15.6s
Epoch 023/50 | train_loss=0.1132  train_acc=0.9601 | val_loss=0.3635  val_acc=0.9033 | 15.6s
Epoch 024/50 | train_loss=0.1094  train_acc=0.9612 | val_loss=0.3583  val_acc=0.9009 | 15.6s
Epoch 025/50 | train_loss=0.0997  train_acc=0.9653 | val_loss=0.3626  val_acc=0.9029 | 15.6s
Epoch 026/50 | train_loss=0.0546  train_acc=0.9815 | val_loss=0.2914  val_acc=0.9201 | 15.6s
Epoch 027/50 | train_loss=0.0413  train_acc=0.9865 | val_loss=0.2935  val_acc=0.9235 | 15.7s
Epoch 028/50 | train_loss=0.0370  train_acc=0.9878 | val_loss=0.3013  val_acc=0.9233 | 15.6s
Epoch 029/50 | train_loss=0.0308  train_acc=0.9897 | val_loss=0.3003  val_acc=0.9244 | 15.6s
Epoch 030/50 | train_loss=0.0268  train_acc=0.9910 | val_loss=0.3089  val_acc=0.9254 | 15.6s
Epoch 031/50 | train_loss=0.0250  train_acc=0.9917 | val_loss=0.3201  val_acc=0.9240 | 15.6s
Epoch 032/50 | train_loss=0.0245  train_acc=0.9920 | val_loss=0.3251  val_acc=0.9235 | 15.6s
Epoch 033/50 | train_loss=0.0202  train_acc=0.9937 | val_loss=0.3313  val_acc=0.9263 | 15.6s
Epoch 034/50 | train_loss=0.0196  train_acc=0.9936 | val_loss=0.3375  val_acc=0.9265 | 15.6s
Epoch 035/50 | train_loss=0.0188  train_acc=0.9936 | val_loss=0.3389  val_acc=0.9228 | 15.6s
Epoch 036/50 | train_loss=0.0171  train_acc=0.9943 | val_loss=0.3439  val_acc=0.9242 | 15.6s
Epoch 037/50 | train_loss=0.0153  train_acc=0.9952 | val_loss=0.3504  val_acc=0.9235 | 15.6s
Epoch 038/50 | train_loss=0.0152  train_acc=0.9955 | val_loss=0.3456  val_acc=0.9245 | 15.6s
Epoch 039/50 | train_loss=0.0132  train_acc=0.9956 | val_loss=0.3621  val_acc=0.9234 | 15.6s
Epoch 040/50 | train_loss=0.0141  train_acc=0.9956 | val_loss=0.3556  val_acc=0.9244 | 15.6s
Epoch 041/50 | train_loss=0.0135  train_acc=0.9953 | val_loss=0.3676  val_acc=0.9239 | 15.6s
Epoch 042/50 | train_loss=0.0123  train_acc=0.9961 | val_loss=0.3661  val_acc=0.9241 | 15.6s
Epoch 043/50 | train_loss=0.0118  train_acc=0.9963 | val_loss=0.3723  val_acc=0.9253 | 15.6s
Epoch 044/50 | train_loss=0.0104  train_acc=0.9965 | val_loss=0.3793  val_acc=0.9229 | 15.6s
Epoch 045/50 | train_loss=0.0113  train_acc=0.9964 | val_loss=0.3794  val_acc=0.9233 | 15.6s
Epoch 046/50 | train_loss=0.0114  train_acc=0.9963 | val_loss=0.3794  val_acc=0.9232 | 15.6s
Epoch 047/50 | train_loss=0.0098  train_acc=0.9969 | val_loss=0.3768  val_acc=0.9229 | 15.6s
Epoch 048/50 | train_loss=0.0097  train_acc=0.9967 | val_loss=0.3789  val_acc=0.9260 | 15.6s
Epoch 049/50 | train_loss=0.0091  train_acc=0.9972 | val_loss=0.3877  val_acc=0.9251 | 15.6s
Epoch 050/50 | train_loss=0.0094  train_acc=0.9969 | val_loss=0.3945  val_acc=0.9240 | 15.6s

Best val accuracy : 0.9265
Results saved to  : results_v5/exp_lab_norm_centered_seed1
